// Jest Snapshot v1, https://goo.gl/fbAQLP

exports[`Play should render properly 1`] = `
<Connect(Play)
  store={
    Object {
      "clearActions": [Function],
      "dispatch": [Function],
      "getActions": [Function],
      "getState": [Function],
      "replaceReducer": [Function],
      "subscribe": [Function],
    }
  }
>
  <Play
    onPaper={[Function]}
    onRock={[Function]}
    onScissors={[Function]}
    store={
      Object {
        "computer": 0,
        "matches": 0,
        "result": null,
        "user": 0,
      }
    }
    storeSubscription={
      Subscription {
        "listeners": Object {
          "clear": [Function],
          "get": [Function],
          "notify": [Function],
          "subscribe": [Function],
        },
        "onStateChange": [Function],
        "parentSub": undefined,
        "store": Object {
          "clearActions": [Function],
          "dispatch": [Function],
          "getActions": [Function],
          "getState": [Function],
          "replaceReducer": [Function],
          "subscribe": [Function],
        },
        "unsubscribe": [Function],
      }
    }
  >
    <button
      className="rock"
      onClick={[Function]}
    >
      <span
        aria-label="rock"
        role="img"
      >
        ✊
      </span>
      rock
    </button>
    <button
      className="paper"
      onClick={[Function]}
    >
      <span
        aria-label="paper"
        role="img"
      >
        🖐️
      </span>
      paper
    </button>
    <button
      className="scissors"
      onClick={[Function]}
    >
      <span
        aria-label="scissors"
        role="img"
      >
        ✌️ 
      </span>
      scissors
    </button>
    <Results
      store={
        Object {
          "computer": 0,
          "matches": 0,
          "result": null,
          "user": 0,
        }
      }
    >
      <div>
        <h3>
          Result: 
        </h3>
        <div>
          <h3>
            Score
          </h3>
          <p>
            User: 
            0
          </p>
          <p>
            Computer: 
            0
          </p>
          <p>
            Matches: 
            0
          </p>
        </div>
      </div>
    </Results>
  </Play>
</Connect(Play)>
`;
